{
    "easycgc - simplified": {
        "content": [
            [
                "versions.yml:md5,251d0cb878199bfbe36115c7f582ff7a"
            ]
        ],
        "meta": {
            "nf-test": "0.9.2",
            "nextflow": "24.10.5"
        },
        "timestamp": "2025-04-04T14:02:55.94935"
    },
    "easycgc - stub": {
        "content": [
            [
                "versions.yml:md5,251d0cb878199bfbe36115c7f582ff7a"
            ]
        ],
        "meta": {
            "nf-test": "0.9.2",
            "nextflow": "24.10.5"
        },
        "timestamp": "2025-04-04T14:02:59.594044"
    }
}