{
    "rundbcan - database - basic": {
        "content": [
            [
                "versions.yml:md5,ac999108e9bdc59e041c9c9454ff9c8e"
            ]
        ],
        "meta": {
            "nf-test": "0.9.2",
            "nextflow": "24.10.5"
        },
        "timestamp": "2025-04-03T18:19:54.233931"
    },
    "rundbcan - database - stub": {
        "content": [
            [
                "versions.yml:md5,ac999108e9bdc59e041c9c9454ff9c8e"
            ]
        ],
        "meta": {
            "nf-test": "0.9.2",
            "nextflow": "24.10.5"
        },
        "timestamp": "2025-04-03T18:20:15.150221"
    }
}