{
    "easycgc - simplified": {
        "content": [
            [
                
            ]
        ],
        "meta": {
            "nf-test": "0.9.2",
            "nextflow": "24.10.5"
        },
        "timestamp": "2025-04-04T14:15:44.799119"
    },
    "easysubstrate - stub": {
        "content": [
            [
                "versions.yml:md5,4106152cb62935e38fd9defc76cdd909"
            ]
        ],
        "meta": {
            "nf-test": "0.9.2",
            "nextflow": "24.10.5"
        },
        "timestamp": "2025-04-04T14:24:33.574801"
    }
}